../Core/Src/main.c:72:5:main	1016	static
../Core/Src/main.c:148:6:TASK_0	8	static
../Core/Src/main.c:153:6:TASK_1	8	static
../Core/Src/main.c:158:6:TASK_2	8	static
../Core/Src/main.c:163:6:TASK_3	8	static
../Core/Src/main.c:168:6:TASK_4	8	static
../Core/Src/main.c:178:6:SystemClock_Config	72	static
../Core/Src/main.c:215:13:MX_TIM2_Init	32	static
../Core/Src/main.c:260:13:MX_USART2_UART_Init	8	static
../Core/Src/main.c:293:13:MX_GPIO_Init	32	static
../Core/Src/main.c:327:6:Error_Handler	4	static,ignoring_inline_asm
