../Core/Src/main.c:71:6:SystemClock_Config	72	static
../Core/Src/main.c:108:13:MX_TIM2_Init	32	static
../Core/Src/main.c:153:13:MX_GPIO_Init	32	static
../Core/Src/main.c:206:6:display_7SEG	16	static
../Core/Src/main.c:330:6:update7SEG	16	static
../Core/Src/main.c:388:6:updateClockBuffer	16	static
../Core/Src/main.c:420:6:setTimer0	16	static
../Core/Src/main.c:430:6:setTimer1	16	static
../Core/Src/main.c:439:6:setTimer2	16	static
../Core/Src/main.c:447:6:setTimer3	16	static
../Core/Src/main.c:454:6:timer_run	4	static
../Core/Src/main.c:510:6:updateLEDMatrix	16	static
../Core/Src/main.c:562:6:shiftLeft	24	static
../Core/Src/main.c:574:7:ex4	8	static
../Core/Src/main.c:606:6:HAL_TIM_PeriodElapsedCallback	16	static
../Core/Src/main.c:641:5:main	24	static
../Core/Src/main.c:807:6:Error_Handler	4	static,ignoring_inline_asm
